// Jest Snapshot v1, https://goo.gl/fbAQLP

exports[`renders DemoChartBar component with provided configuration and dataset 1`] = `
{
  "asFragment": [Function],
  "baseElement": <body>
    <div>
      <div>
        <div>
          header el
        </div>
        <div
          class="ant-divider css-dev-only-do-not-override-1qhpsh8 ant-divider-horizontal"
          role="separator"
        />
        <div
          class="flex max-w-[800px] overflow-x-scroll gap-[10px] mt-[20px]"
        >
          <div
            class="flex items-center gap-[10px] bg-slate-50 min-w-max p-[10px] rounded-lg"
          >
            <div
              class="w-[10px] h-[10px] rounded-full bg-black"
            />
            <div
              class="flex-1"
            >
              Label 1
            </div>
          </div>
          <div
            class="flex items-center gap-[10px] bg-slate-50 min-w-max p-[10px] rounded-lg"
          >
            <div
              class="w-[10px] h-[10px] rounded-full bg-black"
            />
            <div
              class="flex-1"
            >
              Label 2
            </div>
          </div>
          <div
            class="flex items-center gap-[10px] bg-slate-50 min-w-max p-[10px] rounded-lg"
          >
            <div
              class="w-[10px] h-[10px] rounded-full bg-black"
            />
            <div
              class="flex-1"
            >
              Label 3
            </div>
          </div>
        </div>
      </div>
    </div>
  </body>,
  "container": <div>
    <div>
      <div>
        header el
      </div>
      <div
        class="ant-divider css-dev-only-do-not-override-1qhpsh8 ant-divider-horizontal"
        role="separator"
      />
      <div
        class="flex max-w-[800px] overflow-x-scroll gap-[10px] mt-[20px]"
      >
        <div
          class="flex items-center gap-[10px] bg-slate-50 min-w-max p-[10px] rounded-lg"
        >
          <div
            class="w-[10px] h-[10px] rounded-full bg-black"
          />
          <div
            class="flex-1"
          >
            Label 1
          </div>
        </div>
        <div
          class="flex items-center gap-[10px] bg-slate-50 min-w-max p-[10px] rounded-lg"
        >
          <div
            class="w-[10px] h-[10px] rounded-full bg-black"
          />
          <div
            class="flex-1"
          >
            Label 2
          </div>
        </div>
        <div
          class="flex items-center gap-[10px] bg-slate-50 min-w-max p-[10px] rounded-lg"
        >
          <div
            class="w-[10px] h-[10px] rounded-full bg-black"
          />
          <div
            class="flex-1"
          >
            Label 3
          </div>
        </div>
      </div>
    </div>
  </div>,
  "debug": [Function],
  "findAllByAltText": [Function],
  "findAllByDisplayValue": [Function],
  "findAllByLabelText": [Function],
  "findAllByPlaceholderText": [Function],
  "findAllByRole": [Function],
  "findAllByTestId": [Function],
  "findAllByText": [Function],
  "findAllByTitle": [Function],
  "findByAltText": [Function],
  "findByDisplayValue": [Function],
  "findByLabelText": [Function],
  "findByPlaceholderText": [Function],
  "findByRole": [Function],
  "findByTestId": [Function],
  "findByText": [Function],
  "findByTitle": [Function],
  "getAllByAltText": [Function],
  "getAllByDisplayValue": [Function],
  "getAllByLabelText": [Function],
  "getAllByPlaceholderText": [Function],
  "getAllByRole": [Function],
  "getAllByTestId": [Function],
  "getAllByText": [Function],
  "getAllByTitle": [Function],
  "getByAltText": [Function],
  "getByDisplayValue": [Function],
  "getByLabelText": [Function],
  "getByPlaceholderText": [Function],
  "getByRole": [Function],
  "getByTestId": [Function],
  "getByText": [Function],
  "getByTitle": [Function],
  "queryAllByAltText": [Function],
  "queryAllByDisplayValue": [Function],
  "queryAllByLabelText": [Function],
  "queryAllByPlaceholderText": [Function],
  "queryAllByRole": [Function],
  "queryAllByTestId": [Function],
  "queryAllByText": [Function],
  "queryAllByTitle": [Function],
  "queryByAltText": [Function],
  "queryByDisplayValue": [Function],
  "queryByLabelText": [Function],
  "queryByPlaceholderText": [Function],
  "queryByRole": [Function],
  "queryByTestId": [Function],
  "queryByText": [Function],
  "queryByTitle": [Function],
  "rerender": [Function],
  "unmount": [Function],
}
`;
